-- Building for: Visual Studio 17 2022
-- Running vcpkg install
Detecting compiler hash for triplet x64-windows...
Compiler found: C:/Program Files/Microsoft Visual Studio/2022/Enterprise/VC/Tools/MSVC/14.44.35207/bin/Hostx64/x64/cl.exe
The following packages will be built and installed:
  * boost-assert:x64-windows@1.91.0
  * boost-cmake:x64-windows@1.91.0
  * boost-config:x64-windows@1.91.0
  * boost-container:x64-windows@1.91.0
  * boost-core:x64-windows@1.91.0
  * boost-headers:x64-windows@1.91.0
  * boost-intrusive:x64-windows@1.91.0
  * boost-move:x64-windows@1.91.0
  * boost-throw-exception:x64-windows@1.91.0
  * boost-uninstall:x64-windows@1.91.0
  * brotli:x64-windows@1.2.0
  * bzip2[core,tool]:x64-windows@1.0.8#6
  * freetype[brotli,bzip2,core,png,zlib]:x64-windows@2.14.3
  * libiconv:x64-windows@1.19
  * libjpeg-turbo:x64-windows@3.2.0
  * liblzma:x64-windows@5.8.3
  * libpng:x64-windows@1.6.58
  * openjpeg:x64-windows@2.5.4
    poppler[core,font-configuration,zlib]:x64-windows@26.4.0
    sqlite3[core,fts5,json1]:x64-windows@3.53.3#1
  * tiff[core,jpeg,lzma,zip]:x64-windows@4.7.2
  * vcpkg-boost:x64-windows@2025-03-29
  * vcpkg-cmake:x64-windows@2024-04-23
  * vcpkg-cmake-config:x64-windows@2024-05-23
  * vcpkg-cmake-get-vars:x64-windows@2025-05-29
  * vcpkg-make:x64-windows@2026-01-01
    zlib:x64-windows@1.3.2#1
Additional packages (*) will be modified to complete this operation.
Restored 27 package(s) from C:\Users\runneradmin\AppData\Local\vcpkg\archives in 1.6 s. Use --debug to see more details.
Installing 1/27 vcpkg-cmake-config:x64-windows@2024-05-23...
vcpkg-cmake-config:x64-windows@2024-05-23 package ABI: 69c1453dde840dc2ac19062879e7de967edf6709508d24ee8050c74328f36a80
Elapsed time to handle vcpkg-cmake-config:x64-windows: 3.6 ms
Installing 2/27 vcpkg-cmake:x64-windows@2024-04-23...
vcpkg-cmake:x64-windows@2024-04-23 package ABI: 8ce56c33be489b2dbd1cee7be868c7025649d57a08fd68284c302e26e46888fd
Elapsed time to handle vcpkg-cmake:x64-windows: 4.02 ms
Installing 3/27 zlib:x64-windows@1.3.2#1...
zlib:x64-windows@1.3.2#1 package ABI: 5ae23b0077d1eaea33185c69c114d098231e93cc7d2c77a8123d625ddd85c44b
Elapsed time to handle zlib:x64-windows: 10.9 ms
Installing 4/27 liblzma:x64-windows@5.8.3...
liblzma:x64-windows@5.8.3 package ABI: 8ef329acf5111ce25078e60b16f13c40094aa8144e08caf46e4ca7b7ca50b5c0
Elapsed time to handle liblzma:x64-windows: 20.2 ms
Installing 5/27 libjpeg-turbo:x64-windows@3.2.0...
libjpeg-turbo:x64-windows@3.2.0 package ABI: 1d37a86b14ccc9df248d92e185812f78115706b59577b91f518070c4a9fe064b
Elapsed time to handle libjpeg-turbo:x64-windows: 11.3 ms
Installing 6/27 tiff[core,jpeg,lzma,zip]:x64-windows@4.7.2...
tiff[core,jpeg,lzma,zip]:x64-windows@4.7.2 package ABI: 47bf024579125bec10194ee49273f2792f7b872c6c1b47af30953058c6344e23
Elapsed time to handle tiff:x64-windows: 7.63 ms
Installing 7/27 openjpeg:x64-windows@2.5.4...
openjpeg:x64-windows@2.5.4 package ABI: 867d489bba259a912ac5beb8a71c749e1c85c78c6217d8ef7767e01027cdeba7
Elapsed time to handle openjpeg:x64-windows: 7.69 ms
Installing 8/27 libpng:x64-windows@1.6.58...
libpng:x64-windows@1.6.58 package ABI: 6c2e39fb5996a9330139e704cd8062c1a5f43d179c3517f59152ec4f901af8d4
Elapsed time to handle libpng:x64-windows: 9.17 ms
Installing 9/27 vcpkg-cmake-get-vars:x64-windows@2025-05-29...
vcpkg-cmake-get-vars:x64-windows@2025-05-29 package ABI: efe6a9d40d06258824f69065ce8775dd579151e64e3be9036df7745f3c75bbd7
Elapsed time to handle vcpkg-cmake-get-vars:x64-windows: 3.56 ms
Installing 10/27 vcpkg-make:x64-windows@2026-01-01...
vcpkg-make:x64-windows@2026-01-01 package ABI: 2808bba1eff9f9a48b6601eb1785bfef9c0e28b19b6df454ea804af569bf24d4
Elapsed time to handle vcpkg-make:x64-windows: 6.75 ms
Installing 11/27 libiconv:x64-windows@1.19...
libiconv:x64-windows@1.19 package ABI: 3775646da15297dbd778977ac08bcd72daff1bbf55923fca2a6bfafc6bfb8dee
Elapsed time to handle libiconv:x64-windows: 8.95 ms
Installing 12/27 bzip2[core,tool]:x64-windows@1.0.8#6...
bzip2[core,tool]:x64-windows@1.0.8#6 package ABI: 1ee18113a3a6f22949204fc22638811d8cf01258e8cd46dd81e8626b75ac13ea
Elapsed time to handle bzip2:x64-windows: 6.46 ms
Installing 13/27 brotli:x64-windows@1.2.0...
brotli:x64-windows@1.2.0 package ABI: 45a3ef2859dd01b67fd278f7750b1e843fcc4554fd5350940963f48da31a7426
Elapsed time to handle brotli:x64-windows: 12.3 ms
Installing 14/27 freetype[brotli,bzip2,core,png,zlib]:x64-windows@2.14.3...
freetype[brotli,bzip2,core,png,zlib]:x64-windows@2.14.3 package ABI: 05f4c3e1818a2b8a96110b3d036778df48607916058f1202b0e00ecc1f3ce5c2
Elapsed time to handle freetype:x64-windows: 22.8 ms
Installing 15/27 vcpkg-boost:x64-windows@2025-03-29...
vcpkg-boost:x64-windows@2025-03-29 package ABI: 2709b04ef0c3adbf94c03ea06c4782bdaf965bad86a262faad0f9d79826e0bb3
Elapsed time to handle vcpkg-boost:x64-windows: 3.9 ms
Installing 16/27 boost-uninstall:x64-windows@1.91.0...
boost-uninstall:x64-windows@1.91.0 package ABI: ef050c6b1403e70634ff5e90532558ba0fac25fb576ddf0f7ce18deee7782039
Elapsed time to handle boost-uninstall:x64-windows: 2.63 ms
Installing 17/27 boost-cmake:x64-windows@1.91.0...
boost-cmake:x64-windows@1.91.0 package ABI: 60d532d25a3396b77db4f156390fed95da5127164fc4c971e82e035f768030e4
Elapsed time to handle boost-cmake:x64-windows: 5.65 ms
Installing 18/27 boost-headers:x64-windows@1.91.0...
boost-headers:x64-windows@1.91.0 package ABI: 39707ab2b443ef084582ebcbd056b91ff52bf4b48e445a330b16c5a7868b2217
Elapsed time to handle boost-headers:x64-windows: 3.57 ms
Installing 19/27 boost-config:x64-windows@1.91.0...
boost-config:x64-windows@1.91.0 package ABI: 8b99d7c6de739d9a33b7cbb1fbef25b1c935b72f34987e1ec1bb6a971f4331d1
Elapsed time to handle boost-config:x64-windows: 62.8 ms
Installing 20/27 boost-move:x64-windows@1.91.0...
boost-move:x64-windows@1.91.0 package ABI: c938605321308a2c55e4cb7d311828cf320e44d9ae564a1e891beb24c141c496
Elapsed time to handle boost-move:x64-windows: 14 ms
Installing 21/27 boost-assert:x64-windows@1.91.0...
boost-assert:x64-windows@1.91.0 package ABI: b8a8e2727513b16d29f3c95f52fede0d63b53cd15690625e4003f8f2ef07f8ff
Elapsed time to handle boost-assert:x64-windows: 4.99 ms
Installing 22/27 boost-intrusive:x64-windows@1.91.0...
boost-intrusive:x64-windows@1.91.0 package ABI: 2da1b10a5bc37c8558d92f5f4a3862330c9b6f5d911e2f040a136735bb1ad5d4
Elapsed time to handle boost-intrusive:x64-windows: 29.8 ms
Installing 23/27 boost-throw-exception:x64-windows@1.91.0...
boost-throw-exception:x64-windows@1.91.0 package ABI: 4c489752cf22c412d25e05fcaff12979ebcad73533c6883786d3db0ea720b9c0
Elapsed time to handle boost-throw-exception:x64-windows: 4.72 ms
Installing 24/27 boost-core:x64-windows@1.91.0...
boost-core:x64-windows@1.91.0 package ABI: b771e7079bd1fb2d3fc8efc4bdf799961c0d9b8a84a3328ebe7ee2f326618d25
Elapsed time to handle boost-core:x64-windows: 23.5 ms
Installing 25/27 boost-container:x64-windows@1.91.0...
boost-container:x64-windows@1.91.0 package ABI: 4ff4cd774ddb08561be7814b2d07c724ef2ed5c9a3199569a948430c5a6e6001
Elapsed time to handle boost-container:x64-windows: 32.7 ms
Installing 26/27 poppler[core,font-configuration,zlib]:x64-windows@26.4.0...
poppler[core,font-configuration,zlib]:x64-windows@26.4.0 package ABI: 402b6e541746d1a7fa4a912fb569ec6fc6227e148d9bbb098cbf4a86ce646c32
Elapsed time to handle poppler:x64-windows: 25.4 ms
Installing 27/27 sqlite3[core,fts5,json1]:x64-windows@3.53.3#1...
sqlite3[core,fts5,json1]:x64-windows@3.53.3#1 package ABI: 87f9c0942ed3b2435478e1ee62348cd8eff8306d82fe03ec3d1ef6beccf22b49
Elapsed time to handle sqlite3:x64-windows: 10.9 ms
Installed contents are licensed to you by owners. Microsoft is not responsible for, nor does it grant any licenses to, third-party packages.
Some packages did not declare an SPDX license. Check the `copyright` file for each package for more information about their licensing.
Packages installed in this vcpkg installation declare the following licenses:
(FTL OR GPL-2.0-or-later)
BSD-2-Clause
BSD-3-Clause
BSL-1.0
GPL-2.0-or-later
MIT
Zlib
blessing
bzip2-1.0.6
libpng-2.0
libtiff
zlib is compatible with built-in CMake targets:

  find_package(ZLIB REQUIRED)
  target_link_libraries(main PRIVATE ZLIB::ZLIB)

The package poppler can be imported via CMake FindPkgConfig module:

    find_package(PkgConfig)
    pkg_check_modules(POPPLER_CPP REQUIRED IMPORTED_TARGET poppler-cpp)

    target_link_libraries(main PRIVATE PkgConfig::POPPLER_CPP)

sqlite3 provides pkgconfig bindings.
sqlite3 provides CMake targets:

    find_package(unofficial-sqlite3 CONFIG REQUIRED)
    target_link_libraries(main PRIVATE unofficial::sqlite3::sqlite3)

All requested installations completed successfully in: 367 ms
-- Running vcpkg install - done
-- Selecting Windows SDK version 10.0.26100.0 to target Windows 10.0.20348.
-- The CXX compiler identification is MSVC 19.44.35228.0
-- Detecting CXX compiler ABI info
-- Detecting CXX compiler ABI info - done
-- Check for working CXX compiler: C:/Program Files/Microsoft Visual Studio/2022/Enterprise/VC/Tools/MSVC/14.44.35207/bin/Hostx64/x64/cl.exe - skipped
-- Detecting CXX compile features
-- Detecting CXX compile features - done
-- Performing Test CMAKE_HAVE_LIBC_PTHREAD
-- Performing Test CMAKE_HAVE_LIBC_PTHREAD - Failed
-- Looking for pthread_create in pthreads
-- Looking for pthread_create in pthreads - not found
-- Looking for pthread_create in pthread
-- Looking for pthread_create in pthread - not found
-- Found Threads: TRUE
-- Performing Test HAVE_STDATOMIC
-- Performing Test HAVE_STDATOMIC - Success
-- Found WrapAtomic: TRUE
-- Could NOT find WrapVulkanHeaders (missing: Vulkan_INCLUDE_DIR) 
CMake Warning (dev) at C:/vcpkg/scripts/buildsystems/vcpkg.cmake:939 (_find_package):
  Policy CMP0144 is not set: find_package uses upper-case <PACKAGENAME>_ROOT
  variables.  Run "cmake --help-policy CMP0144" for policy details.  Use the
  cmake_policy command to set the policy and suppress this warning.

  CMake variable ONNXRUNTIME_ROOT is set to:

    C:\onnxruntime

  For compatibility, find_package is ignoring the variable, but code in a
  .cmake module might still use it.
Call Stack (most recent call first):
  CMakeLists.txt:83 (find_package)
This warning is for project developers.  Use -Wno-dev to suppress it.

-- Found ZLIB: optimized;D:/a/docusearch/docusearch/build/vcpkg_installed/x64-windows/lib/z.lib;debug;D:/a/docusearch/docusearch/build/vcpkg_installed/x64-windows/debug/lib/zd.lib (found version "1.3.2")
-- Poppler: enabled
-- ONNX Runtime: enabled via ONNXRUNTIME_ROOT=C:\onnxruntime (DLL: C:\onnxruntime/lib/onnxruntime.dll)
-- Found SQLite3: D:/a/docusearch/docusearch/build/vcpkg_installed/x64-windows/include (found version "3.53.3")
-- Configuring done (36.7s)
-- Generating done (0.7s)
-- Build files have been written to: D:/a/docusearch/docusearch/build
